  console.log
    CORS allowed origins: [ 'http://localhost:3000' ]

      at Object.<anonymous> (src/app.ts:54:9)

[0mPOST /api/auth/register [32m201[0m 349.471 ms - 197[0m
[0mPOST /api/projects [32m201[0m 22.658 ms - 710[0m
[0mPOST /api/tasks [32m201[0m 29.194 ms - 632[0m
[0mPOST /api/time-entries/start [32m201[0m 22.315 ms - 422[0m
  console.error
    Error: Authentication required

    [0m [90m 17 |[39m   _next[33m:[39m [33mNextFunction[39m
     [90m 18 |[39m ) [33m=>[39m {
    [31m[1m>[22m[39m[90m 19 |[39m   console[33m.[39merror([32m'Error:'[39m[33m,[39m err[33m.[39mmessage)[33m;[39m
     [90m    |[39m           [31m[1m^[22m[39m
     [90m 20 |[39m
     [90m 21 |[39m   [36mif[39m (err [36minstanceof[39m [33mZodError[39m) {
     [90m 22 |[39m     [36mreturn[39m res[33m.[39mstatus([35m400[39m)[33m.[39mjson({[0m

      at errorHandler (src/middleware/errorHandler.ts:19:11)
      at Layer.handle_error (node_modules/express/lib/router/layer.js:71:5)
      at trim_prefix (node_modules/express/lib/router/index.js:326:13)
      at node_modules/express/lib/router/index.js:286:9
      at Function.process_params (node_modules/express/lib/router/index.js:346:12)
      at next (node_modules/express/lib/router/index.js:280:10)
      at Layer.handle_error (node_modules/express/lib/router/layer.js:67:12)
      at trim_prefix (node_modules/express/lib/router/index.js:326:13)
      at node_modules/express/lib/router/index.js:286:9
      at Function.process_params (node_modules/express/lib/router/index.js:346:12)
      at next (node_modules/express/lib/router/index.js:280:10)
      at Layer.handle_error (node_modules/express/lib/router/layer.js:67:12)
      at trim_prefix (node_modules/express/lib/router/index.js:326:13)
      at node_modules/express/lib/router/index.js:286:9
      at Function.process_params (node_modules/express/lib/router/index.js:346:12)
      at next (node_modules/express/lib/router/index.js:280:10)
      at Layer.handle_error (node_modules/express/lib/router/layer.js:67:12)
      at trim_prefix (node_modules/express/lib/router/index.js:326:13)
      at node_modules/express/lib/router/index.js:286:9
      at Function.process_params (node_modules/express/lib/router/index.js:346:12)
      at next (node_modules/express/lib/router/index.js:280:10)
      at node_modules/express/lib/router/index.js:646:15
      at next (node_modules/express/lib/router/index.js:265:14)
      at authenticate (src/middleware/auth.ts:141:12)
      at Layer.handle [as handle_request] (node_modules/express/lib/router/layer.js:95:5)
      at trim_prefix (node_modules/express/lib/router/index.js:328:13)
      at node_modules/express/lib/router/index.js:286:9
      at Function.process_params (node_modules/express/lib/router/index.js:346:12)
      at next (node_modules/express/lib/router/index.js:280:10)
      at Function.handle (node_modules/express/lib/router/index.js:175:3)
      at router (node_modules/express/lib/router/index.js:47:12)
      at Layer.handle [as handle_request] (node_modules/express/lib/router/layer.js:95:5)
      at trim_prefix (node_modules/express/lib/router/index.js:328:13)
      at node_modules/express/lib/router/index.js:286:9
      at Function.process_params (node_modules/express/lib/router/index.js:346:12)
      at next (node_modules/express/lib/router/index.js:280:10)
      at node_modules/express-rate-limit/dist/index.cjs:706:9
      at async C:/dev/Utils/TaskMan/backend/node_modules/express-rate-limit/dist/index.cjs:691:5

[0mPOST /api/time-entries/start [33m401[0m 7.913 ms - 35[0m
[0mPOST /api/time-entries/start [32m201[0m 13.883 ms - 409[0m
  console.error
    Error: You already have an active timer. Stop it before starting a new one.

    [0m [90m 17 |[39m   _next[33m:[39m [33mNextFunction[39m
     [90m 18 |[39m ) [33m=>[39m {
    [31m[1m>[22m[39m[90m 19 |[39m   console[33m.[39merror([32m'Error:'[39m[33m,[39m err[33m.[39mmessage)[33m;[39m
     [90m    |[39m           [31m[1m^[22m[39m
     [90m 20 |[39m
     [90m 21 |[39m   [36mif[39m (err [36minstanceof[39m [33mZodError[39m) {
     [90m 22 |[39m     [36mreturn[39m res[33m.[39mstatus([35m400[39m)[33m.[39mjson({[0m

      at errorHandler (src/middleware/errorHandler.ts:19:11)
      at Layer.handle_error (node_modules/express/lib/router/layer.js:71:5)
      at trim_prefix (node_modules/express/lib/router/index.js:326:13)
      at node_modules/express/lib/router/index.js:286:9
      at Function.process_params (node_modules/express/lib/router/index.js:346:12)
      at next (node_modules/express/lib/router/index.js:280:10)
      at Layer.handle_error (node_modules/express/lib/router/layer.js:67:12)
      at trim_prefix (node_modules/express/lib/router/index.js:326:13)
      at node_modules/express/lib/router/index.js:286:9
      at Function.process_params (node_modules/express/lib/router/index.js:346:12)
      at next (node_modules/express/lib/router/index.js:280:10)
      at Layer.handle_error (node_modules/express/lib/router/layer.js:67:12)
      at trim_prefix (node_modules/express/lib/router/index.js:326:13)
      at node_modules/express/lib/router/index.js:286:9
      at Function.process_params (node_modules/express/lib/router/index.js:346:12)
      at next (node_modules/express/lib/router/index.js:280:10)
      at Layer.handle_error (node_modules/express/lib/router/layer.js:67:12)
      at trim_prefix (node_modules/express/lib/router/index.js:326:13)
      at node_modules/express/lib/router/index.js:286:9
      at Function.process_params (node_modules/express/lib/router/index.js:346:12)
      at next (node_modules/express/lib/router/index.js:280:10)
      at node_modules/express/lib/router/index.js:646:15
      at next (node_modules/express/lib/router/index.js:265:14)
      at next (node_modules/express/lib/router/route.js:141:14)
      at src/routes/time-entries.ts:367:5

[0mPOST /api/time-entries/start [33m409[0m 7.355 ms - 80[0m
[0mGET /api/time-entries/active [32m200[0m 4.158 ms - 4[0m
[0mPOST /api/time-entries/start [32m201[0m 13.735 ms - 409[0m
[0mGET /api/time-entries/active [32m200[0m 3.649 ms - 409[0m
[0mPOST /api/time-entries/start [32m201[0m 10.793 ms - 409[0m
[0mPOST /api/time-entries/30cae6cc-58d0-4f0b-a54e-31eb1763e48e/stop [32m200[0m 9.399 ms - 428[0m
  console.error
    Error: Time entry not found

    [0m [90m 17 |[39m   _next[33m:[39m [33mNextFunction[39m
     [90m 18 |[39m ) [33m=>[39m {
    [31m[1m>[22m[39m[90m 19 |[39m   console[33m.[39merror([32m'Error:'[39m[33m,[39m err[33m.[39mmessage)[33m;[39m
     [90m    |[39m           [31m[1m^[22m[39m
     [90m 20 |[39m
     [90m 21 |[39m   [36mif[39m (err [36minstanceof[39m [33mZodError[39m) {
     [90m 22 |[39m     [36mreturn[39m res[33m.[39mstatus([35m400[39m)[33m.[39mjson({[0m

      at errorHandler (src/middleware/errorHandler.ts:19:11)
      at Layer.handle_error (node_modules/express/lib/router/layer.js:71:5)
      at trim_prefix (node_modules/express/lib/router/index.js:326:13)
      at node_modules/express/lib/router/index.js:286:9
      at Function.process_params (node_modules/express/lib/router/index.js:346:12)
      at next (node_modules/express/lib/router/index.js:280:10)
      at Layer.handle_error (node_modules/express/lib/router/layer.js:67:12)
      at trim_prefix (node_modules/express/lib/router/index.js:326:13)
      at node_modules/express/lib/router/index.js:286:9
      at Function.process_params (node_modules/express/lib/router/index.js:346:12)
      at next (node_modules/express/lib/router/index.js:280:10)
      at Layer.handle_error (node_modules/express/lib/router/layer.js:67:12)
      at trim_prefix (node_modules/express/lib/router/index.js:326:13)
      at node_modules/express/lib/router/index.js:286:9
      at Function.process_params (node_modules/express/lib/router/index.js:346:12)
      at next (node_modules/express/lib/router/index.js:280:10)
      at Layer.handle_error (node_modules/express/lib/router/layer.js:67:12)
      at trim_prefix (node_modules/express/lib/router/index.js:326:13)
      at node_modules/express/lib/router/index.js:286:9
      at Function.process_params (node_modules/express/lib/router/index.js:346:12)
      at Immediate.next (node_modules/express/lib/router/index.js:280:10)
      at Immediate._onImmediate (node_modules/express/lib/router/index.js:646:15)

[0mPOST /api/time-entries/random-uuid-123/stop [33m404[0m 5.274 ms - 32[0m
[0mPOST /api/time-entries/start [32m201[0m 14.614 ms - 409[0m
[0mPOST /api/time-entries/2dfdd66c-33d7-45e8-bbf8-c75917f8d884/stop [32m200[0m 9.145 ms - 428[0m
  console.error
    Error: This time entry has already been stopped

    [0m [90m 17 |[39m   _next[33m:[39m [33mNextFunction[39m
     [90m 18 |[39m ) [33m=>[39m {
    [31m[1m>[22m[39m[90m 19 |[39m   console[33m.[39merror([32m'Error:'[39m[33m,[39m err[33m.[39mmessage)[33m;[39m
     [90m    |[39m           [31m[1m^[22m[39m
     [90m 20 |[39m
     [90m 21 |[39m   [36mif[39m (err [36minstanceof[39m [33mZodError[39m) {
     [90m 22 |[39m     [36mreturn[39m res[33m.[39mstatus([35m400[39m)[33m.[39mjson({[0m

      at errorHandler (src/middleware/errorHandler.ts:19:11)
      at Layer.handle_error (node_modules/express/lib/router/layer.js:71:5)
      at trim_prefix (node_modules/express/lib/router/index.js:326:13)
      at node_modules/express/lib/router/index.js:286:9
      at Function.process_params (node_modules/express/lib/router/index.js:346:12)
      at next (node_modules/express/lib/router/index.js:280:10)
      at Layer.handle_error (node_modules/express/lib/router/layer.js:67:12)
      at trim_prefix (node_modules/express/lib/router/index.js:326:13)
      at node_modules/express/lib/router/index.js:286:9
      at Function.process_params (node_modules/express/lib/router/index.js:346:12)
      at next (node_modules/express/lib/router/index.js:280:10)
      at Layer.handle_error (node_modules/express/lib/router/layer.js:67:12)
      at trim_prefix (node_modules/express/lib/router/index.js:326:13)
      at node_modules/express/lib/router/index.js:286:9
      at Function.process_params (node_modules/express/lib/router/index.js:346:12)
      at next (node_modules/express/lib/router/index.js:280:10)
      at Layer.handle_error (node_modules/express/lib/router/layer.js:67:12)
      at trim_prefix (node_modules/express/lib/router/index.js:326:13)
      at node_modules/express/lib/router/index.js:286:9
      at Function.process_params (node_modules/express/lib/router/index.js:346:12)
      at Immediate.next (node_modules/express/lib/router/index.js:280:10)
      at Immediate._onImmediate (node_modules/express/lib/router/index.js:646:15)

[0mPOST /api/time-entries/2dfdd66c-33d7-45e8-bbf8-c75917f8d884/stop [33m400[0m 4.782 ms - 52[0m
[0mPUT /api/time-entries/b7816f87-659f-4dec-aa28-db36c0829cf6 [32m200[0m 9.122 ms - 434[0m
[0mPOST /api/auth/register [32m201[0m 317.798 ms - 194[0m
  console.error
    Error: You do not have permission to access this time entry

    [0m [90m 17 |[39m   _next[33m:[39m [33mNextFunction[39m
     [90m 18 |[39m ) [33m=>[39m {
    [31m[1m>[22m[39m[90m 19 |[39m   console[33m.[39merror([32m'Error:'[39m[33m,[39m err[33m.[39mmessage)[33m;[39m
     [90m    |[39m           [31m[1m^[22m[39m
     [90m 20 |[39m
     [90m 21 |[39m   [36mif[39m (err [36minstanceof[39m [33mZodError[39m) {
     [90m 22 |[39m     [36mreturn[39m res[33m.[39mstatus([35m400[39m)[33m.[39mjson({[0m

      at errorHandler (src/middleware/errorHandler.ts:19:11)
      at Layer.handle_error (node_modules/express/lib/router/layer.js:71:5)
      at trim_prefix (node_modules/express/lib/router/index.js:326:13)
      at node_modules/express/lib/router/index.js:286:9
      at Function.process_params (node_modules/express/lib/router/index.js:346:12)
      at next (node_modules/express/lib/router/index.js:280:10)
      at Layer.handle_error (node_modules/express/lib/router/layer.js:67:12)
      at trim_prefix (node_modules/express/lib/router/index.js:326:13)
      at node_modules/express/lib/router/index.js:286:9
      at Function.process_params (node_modules/express/lib/router/index.js:346:12)
      at next (node_modules/express/lib/router/index.js:280:10)
      at Layer.handle_error (node_modules/express/lib/router/layer.js:67:12)
      at trim_prefix (node_modules/express/lib/router/index.js:326:13)
      at node_modules/express/lib/router/index.js:286:9
      at Function.process_params (node_modules/express/lib/router/index.js:346:12)
      at next (node_modules/express/lib/router/index.js:280:10)
      at Layer.handle_error (node_modules/express/lib/router/layer.js:67:12)
      at trim_prefix (node_modules/express/lib/router/index.js:326:13)
      at node_modules/express/lib/router/index.js:286:9
      at Function.process_params (node_modules/express/lib/router/index.js:346:12)
      at next (node_modules/express/lib/router/index.js:280:10)
      at node_modules/express/lib/router/index.js:646:15
      at next (node_modules/express/lib/router/index.js:265:14)
      at next (node_modules/express/lib/router/route.js:141:14)
      at src/routes/time-entries.ts:314:5

[0mPUT /api/time-entries/6f3e56de-7193-4fd1-bc5e-70d4032df7d6 [33m403[0m 5.357 ms - 64[0m
[0mGET /api/time-entries/da271a62-bfaa-47ee-8123-f2876b01ac10 [32m200[0m 4.609 ms - 409[0m
node.exe : FAIL tests/time-entries.test.ts
At C:\Users\J\AppData\Roaming\npm\npx.ps1:24 char:5
+     & "node$exe"  "$basedir/node_modules/npm/bin/npx-cli.js" $args
+     ~~~~~~~~~~~~~~~~~~~~~~~~~~~~~~~~~~~~~~~~~~~~~~~~~~~~~~~~~~~~~~
    + CategoryInfo          : NotSpecified: (FAIL 
tests/time-entries.test    .ts:String) [], RemoteException
    + FullyQualifiedErrorId : NativeCommandError
 
  Time Entries API
    POST /api/time-entries/start
      ΓêÜ starts a timer for a task (31 ms)
      ΓêÜ requires authentication (15 ms)
      ├ù returns 400 if user already has an active timer (32 ms)
    GET /api/time-entries/active
      ΓêÜ returns null when no active timer (10 ms)
      ΓêÜ returns the active timer (27 ms)
    POST /api/time-entries/:id/stop
      ΓêÜ stops an active timer (28 ms)
      ΓêÜ returns 404 if timer not found (10 ms)
      ΓêÜ returns 400 if timer is already stopped (38 ms)
    PUT /api/time-entries/:id
      ΓêÜ updates a time entry manually (17 ms)
      ├ù prevents updating another user's entry (337 ms)
    GET /api/time-entries/:id
      ΓêÜ gets a single time entry (13 ms)

  ΓùÅ Time Entries API ΓÇ║ POST /api/time-entries/start ΓÇ║ returns 400 
if user already has an active timer

    expect(received).toBe(expected) // Object.is equality

    Expected: 400
    Received: 409

    [0m [90m  98 |[39m                 [33m.[39msend({ 
taskId[33m:[39m task[33m.[39mid })[33m;[39m
     [90m  99 |[39m
    [31m[1m>[22m[39m[90m 100 |[39m             
expect(res[33m.[39mstatus)[33m.[39mtoBe([35m400[39m)[33m;[39m
     [90m     |[39m                                
[31m[1m^[22m[39m
     [90m 101 |[39m             expect(res[33m.[39mbody[33m.[39mer
ror)[33m.[39mtoMatch([35m/active timer/i[39m)[33m;[39m
     [90m 102 |[39m         })[33m;[39m
     [90m 103 |[39m     })[33m;[39m[0m

      at Object.<anonymous> (tests/time-entries.test.ts:100:32)

  ΓùÅ Time Entries API ΓÇ║ PUT /api/time-entries/:id ΓÇ║ prevents 
updating another user's entry

    expect(received).toBe(expected) // Object.is equality

    Expected: 404
    Received: 403

    [0m [90m 221 |[39m                 [33m.[39msend({ 
description[33m:[39m [32m'Hacked'[39m })[33m;[39m
     [90m 222 |[39m
    [31m[1m>[22m[39m[90m 223 |[39m             
expect(res[33m.[39mstatus)[33m.[39mtoBe([35m404[39m)[33m;[39m 
[90m// Or 403, typically 404 if enforced by "where user_id"[39m
     [90m     |[39m                                
[31m[1m^[22m[39m
     [90m 224 |[39m         })[33m;[39m
     [90m 225 |[39m     })[33m;[39m
     [90m 226 |[39m[0m

      at Object.<anonymous> (tests/time-entries.test.ts:223:32)

Test Suites: 1 failed, 1 total
Tests:       2 failed, 9 passed, 11 total
Snapshots:   0 total
Time:        1.904 s
Ran all test suites matching time-entries.
Force exiting Jest: Have you considered using `--detectOpenHandles` to 
detect async operations that kept running after all tests finished?
